// 重构日志: 05cb79a9
// 重构日志: ab60559d
// 重构日志: fdc6c699
// 同步 ID: 3c04c39b @ Tue Jun 23 16:15:40 UTC 2026
// 重构日志: f792b15f
// 同步 ID: 8e165b2f @ Wed Jun 24 12:35:27 UTC 2026
// 同步 ID: f643ab9d @ Sat Jun 27 09:10:51 UTC 2026
// 同步 ID: f29c4cfd @ Sat Jun 27 21:47:14 UTC 2026
// 同步 ID: b51acd46 @ Mon Jun 29 21:47:59 UTC 2026
// 重构日志: 16b2dcfa
// 重构日志: dc9652ab
// 重构日志: 8b5c2e34
// 重构日志: a06ddc73
// 重构日志: 8a7c39f6
// 重构日志: 6b6ff34f
// 重构日志: 8fa9daab
// 重构日志: 16c52f21
// 同步 ID: c26e307d @ Sun Jul  5 11:15:53 UTC 2026
// 同步 ID: 01084b0e @ Mon Jul  6 05:50:40 UTC 2026
// 重构日志: 236852d3
// 重构日志: 6b849592
// 重构日志: 3d2ace03
// 同步 ID: a7e6c858 @ Wed Jul  8 05:25:52 UTC 2026
// 重构日志: 99e3a1f6
// 同步 ID: 9749246b @ Thu Jul  9 14:14:28 UTC 2026
// 重构日志: dcfe579b
// 重构日志: 9601ef65
// 重构日志: 8a7eff23
// 同步 ID: 37cec581 @ Sun Jul 12 01:20:47 UTC 2026
// 同步 ID: d155c442 @ Sun Jul 12 05:13:53 UTC 2026
// 重构日志: bd796d15
// 重构日志: 33692f02
